// Jest Snapshot v1, https://goo.gl/fbAQLP

exports[`home-page redirect snapshow 1`] = `
<Redirect
  push={false}
  to="/tables"
/>
`;

exports[`home-page snapshot 1`] = `
<div
  className="login container"
>
  <div
    className="row"
  >
    <div
      className="col-centered login-area"
    >
      <h2>
        Log in
      </h2>
      <Connect(ReduxForm) />
    </div>
  </div>
</div>
`;
