// Jest Snapshot v1, https://goo.gl/fbAQLP

exports[`login-form snapshot 1`] = `
<form
  className="col-centered login-form col-xs-12 col-sm-8 col-md-8 col-md-8 center_div ng-pristine ng-valid"
>
  <Field
    component={[Function]}
    id="username"
    inputClass="input-field form-control"
    label="username"
    name="username"
    placeholder="Please enter your username"
    type="text"
    validate={
      Array [
        [Function],
        [Function],
      ]
    }
  />
  <Field
    component={[Function]}
    id="password"
    inputClass="input-field form-control"
    label="password"
    name="password"
    placeholder="Please enter your password"
    type="password"
    validate={
      Array [
        [Function],
        [Function],
      ]
    }
  />
  <button
    className="btn btn-success log-in"
  >
    Log in
  </button>
</form>
`;
