// Jest Snapshot v1, https://goo.gl/fbAQLP

exports[`home-page redirect snapshow 1`] = `
<Redirect
  push={false}
  to="/boards"
/>
`;

exports[`home-page snapshot 1`] = `
<div
  className="login container"
>
  <div
    className="row"
  >
    <div
      className="col-centered login-area"
    >
      <h2>
        Log in to Trello
      </h2>
      <ReduxForm />
      <p>
        Don't have an account? 
        <Link
          replace={false}
          to="/register"
        >
          Create a Trello Account.
        </Link>
      </p>
    </div>
  </div>
</div>
`;
