// Jest Snapshot v1, https://goo.gl/fbAQLP

exports[`home-page redirect snapshow 1`] = `
<Redirect
  push={false}
  to="/tables"
/>
`;

exports[`home-page snapshot 1`] = `
<div
  className="login container"
>
  <div
    className="row"
  >
    <div
      className="col-centered login-area"
    >
      <h3>
        Welcome to Restaurant POS.
      </h3>
      <p>
        Please use the following credentials in order to login.
      </p>
      <Connect(ReduxForm) />
    </div>
  </div>
</div>
`;
